============================================================
[2026-07-03 13:37:38] Benchmark run started
[2026-07-03 13:37:38] N replicates:   30
[2026-07-03 13:37:38] Base output:    /mnt/ssd/performance_benchmark
[2026-07-03 13:37:38] Nextflow input: /home/schwitalla/Documents/sample_sheettest_local.csv
[2026-07-03 13:37:38] Mode: FRESH START
============================================================
[2026-07-03 13:37:38] Randomised run order saved to: /mnt/ssd/performance_benchmark/run_order.txt
[2026-07-03 13:37:38] Total runs to execute: 60
============================================================
============================================================
[2026-07-03 13:37:38] Run 1 / 60 : matlab_15
============================================================
[2026-07-03 13:37:38] --- MATLAB replicate 15 START ---
[2026-07-03 13:37:38] Output dir: /mnt/ssd/performance_benchmark/matlab/replicate_15
[2026-07-03 13:37:38]   Running MATLAB process: intensity
[2026-07-03 13:37:38]   Command: NM_config('intensity','sample15',true)
[2026-07-03 13:38:11]   MATLAB process intensity complete.
[2026-07-03 13:38:11]   Running MATLAB process: align
[2026-07-03 13:38:11]   Command: NM_config('align','sample15',true)
[2026-07-03 13:39:39]   MATLAB process align complete.
[2026-07-03 13:39:39]   Running MATLAB process: stitch
[2026-07-03 13:39:39]   Command: NM_config('stitch','sample15',true)
[2026-07-03 13:40:56]   MATLAB process stitch complete.
[2026-07-03 13:40:56]   Running MATLAB process: count
[2026-07-03 13:40:56]   Command: NM_config('count','sample15',true)
[2026-07-03 13:43:31]   MATLAB process count complete.
[2026-07-03 13:43:31] --- MATLAB replicate 15 DONE ---
[2026-07-03 13:43:31] Completed 1 / 60 runs
============================================================
[2026-07-03 13:43:31] Run 2 / 60 : matlab_25
============================================================
[2026-07-03 13:43:31] --- MATLAB replicate 25 START ---
[2026-07-03 13:43:31] Output dir: /mnt/ssd/performance_benchmark/matlab/replicate_25
[2026-07-03 13:43:31]   Running MATLAB process: intensity
[2026-07-03 13:43:31]   Command: NM_config('intensity','sample25',true)
[2026-07-03 13:44:05]   MATLAB process intensity complete.
[2026-07-03 13:44:05]   Running MATLAB process: align
[2026-07-03 13:44:05]   Command: NM_config('align','sample25',true)
[2026-07-03 13:45:31]   MATLAB process align complete.
[2026-07-03 13:45:31]   Running MATLAB process: stitch
[2026-07-03 13:45:31]   Command: NM_config('stitch','sample25',true)
[2026-07-03 13:46:49]   MATLAB process stitch complete.
[2026-07-03 13:46:49]   Running MATLAB process: count
[2026-07-03 13:46:49]   Command: NM_config('count','sample25',true)
[2026-07-03 13:49:22]   MATLAB process count complete.
[2026-07-03 13:49:22] --- MATLAB replicate 25 DONE ---
[2026-07-03 13:49:22] Completed 2 / 60 runs
============================================================
[2026-07-03 13:49:22] Run 3 / 60 : nextflow_16
============================================================
[2026-07-03 13:49:22] --- Nextflow replicate 16 START ---
[2026-07-03 13:49:22] Output dir: /mnt/ssd/performance_benchmark/nextflow/replicate_16
[2026-07-03 13:49:22] Work dir:   /mnt/ssd/performance_benchmark/nextflow/replicate_16/work
[2026-07-03 13:55:25] --- Nextflow replicate 16 DONE ---
[2026-07-03 13:55:25] Completed 3 / 60 runs
============================================================
[2026-07-03 13:55:25] Run 4 / 60 : nextflow_06
============================================================
[2026-07-03 13:55:25] --- Nextflow replicate 06 START ---
[2026-07-03 13:55:25] Output dir: /mnt/ssd/performance_benchmark/nextflow/replicate_06
[2026-07-03 13:55:25] Work dir:   /mnt/ssd/performance_benchmark/nextflow/replicate_06/work
[2026-07-03 14:01:26] --- Nextflow replicate 06 DONE ---
[2026-07-03 14:01:26] Completed 4 / 60 runs
============================================================
[2026-07-03 14:01:26] Run 5 / 60 : nextflow_28
============================================================
[2026-07-03 14:01:26] --- Nextflow replicate 28 START ---
[2026-07-03 14:01:26] Output dir: /mnt/ssd/performance_benchmark/nextflow/replicate_28
[2026-07-03 14:01:26] Work dir:   /mnt/ssd/performance_benchmark/nextflow/replicate_28/work
[2026-07-03 14:07:28] --- Nextflow replicate 28 DONE ---
[2026-07-03 14:07:28] Completed 5 / 60 runs
============================================================
[2026-07-03 14:07:28] Run 6 / 60 : nextflow_09
============================================================
[2026-07-03 14:07:28] --- Nextflow replicate 09 START ---
[2026-07-03 14:07:28] Output dir: /mnt/ssd/performance_benchmark/nextflow/replicate_09
[2026-07-03 14:07:28] Work dir:   /mnt/ssd/performance_benchmark/nextflow/replicate_09/work
[2026-07-03 14:13:29] --- Nextflow replicate 09 DONE ---
[2026-07-03 14:13:29] Completed 6 / 60 runs
============================================================
[2026-07-03 14:13:29] Run 7 / 60 : matlab_23
============================================================
[2026-07-03 14:13:29] --- MATLAB replicate 23 START ---
[2026-07-03 14:13:29] Output dir: /mnt/ssd/performance_benchmark/matlab/replicate_23
[2026-07-03 14:13:29]   Running MATLAB process: intensity
[2026-07-03 14:13:29]   Command: NM_config('intensity','sample23',true)
[2026-07-03 14:14:02]   MATLAB process intensity complete.
[2026-07-03 14:14:02]   Running MATLAB process: align
[2026-07-03 14:14:02]   Command: NM_config('align','sample23',true)
[2026-07-03 14:15:27]   MATLAB process align complete.
[2026-07-03 14:15:27]   Running MATLAB process: stitch
[2026-07-03 14:15:27]   Command: NM_config('stitch','sample23',true)
[2026-07-03 14:16:44]   MATLAB process stitch complete.
[2026-07-03 14:16:44]   Running MATLAB process: count
[2026-07-03 14:16:44]   Command: NM_config('count','sample23',true)
[2026-07-03 14:19:14]   MATLAB process count complete.
[2026-07-03 14:19:14] --- MATLAB replicate 23 DONE ---
[2026-07-03 14:19:14] Completed 7 / 60 runs
============================================================
[2026-07-03 14:19:14] Run 8 / 60 : matlab_30
============================================================
[2026-07-03 14:19:14] --- MATLAB replicate 30 START ---
[2026-07-03 14:19:14] Output dir: /mnt/ssd/performance_benchmark/matlab/replicate_30
[2026-07-03 14:19:14]   Running MATLAB process: intensity
[2026-07-03 14:19:14]   Command: NM_config('intensity','sample30',true)
[2026-07-03 14:19:48]   MATLAB process intensity complete.
[2026-07-03 14:19:48]   Running MATLAB process: align
[2026-07-03 14:19:48]   Command: NM_config('align','sample30',true)
[2026-07-03 14:21:13]   MATLAB process align complete.
[2026-07-03 14:21:13]   Running MATLAB process: stitch
[2026-07-03 14:21:13]   Command: NM_config('stitch','sample30',true)
[2026-07-03 14:22:29]   MATLAB process stitch complete.
[2026-07-03 14:22:29]   Running MATLAB process: count
[2026-07-03 14:22:29]   Command: NM_config('count','sample30',true)
[2026-07-03 14:24:59]   MATLAB process count complete.
[2026-07-03 14:24:59] --- MATLAB replicate 30 DONE ---
[2026-07-03 14:24:59] Completed 8 / 60 runs
============================================================
[2026-07-03 14:24:59] Run 9 / 60 : nextflow_14
============================================================
[2026-07-03 14:24:59] --- Nextflow replicate 14 START ---
[2026-07-03 14:24:59] Output dir: /mnt/ssd/performance_benchmark/nextflow/replicate_14
[2026-07-03 14:24:59] Work dir:   /mnt/ssd/performance_benchmark/nextflow/replicate_14/work
[2026-07-03 14:31:01] --- Nextflow replicate 14 DONE ---
[2026-07-03 14:31:01] Completed 9 / 60 runs
============================================================
[2026-07-03 14:31:01] Run 10 / 60 : matlab_05
============================================================
[2026-07-03 14:31:01] --- MATLAB replicate 05 START ---
[2026-07-03 14:31:01] Output dir: /mnt/ssd/performance_benchmark/matlab/replicate_05
[2026-07-03 14:31:01]   Running MATLAB process: intensity
[2026-07-03 14:31:01]   Command: NM_config('intensity','sample05',true)
[2026-07-03 14:31:35]   MATLAB process intensity complete.
[2026-07-03 14:31:35]   Running MATLAB process: align
[2026-07-03 14:31:35]   Command: NM_config('align','sample05',true)
[2026-07-03 14:33:01]   MATLAB process align complete.
[2026-07-03 14:33:01]   Running MATLAB process: stitch
[2026-07-03 14:33:01]   Command: NM_config('stitch','sample05',true)
[2026-07-03 14:34:19]   MATLAB process stitch complete.
[2026-07-03 14:34:19]   Running MATLAB process: count
[2026-07-03 14:34:19]   Command: NM_config('count','sample05',true)
[2026-07-03 14:36:50]   MATLAB process count complete.
[2026-07-03 14:36:50] --- MATLAB replicate 05 DONE ---
[2026-07-03 14:36:50] Completed 10 / 60 runs
============================================================
[2026-07-03 14:36:50] Run 11 / 60 : matlab_27
============================================================
[2026-07-03 14:36:50] --- MATLAB replicate 27 START ---
[2026-07-03 14:36:50] Output dir: /mnt/ssd/performance_benchmark/matlab/replicate_27
[2026-07-03 14:36:50]   Running MATLAB process: intensity
[2026-07-03 14:36:50]   Command: NM_config('intensity','sample27',true)
[2026-07-03 14:37:24]   MATLAB process intensity complete.
[2026-07-03 14:37:24]   Running MATLAB process: align
[2026-07-03 14:37:24]   Command: NM_config('align','sample27',true)
[2026-07-03 14:38:51]   MATLAB process align complete.
[2026-07-03 14:38:51]   Running MATLAB process: stitch
[2026-07-03 14:38:51]   Command: NM_config('stitch','sample27',true)
[2026-07-03 14:40:07]   MATLAB process stitch complete.
[2026-07-03 14:40:07]   Running MATLAB process: count
[2026-07-03 14:40:07]   Command: NM_config('count','sample27',true)
[2026-07-03 14:42:41]   MATLAB process count complete.
[2026-07-03 14:42:41] --- MATLAB replicate 27 DONE ---
[2026-07-03 14:42:41] Completed 11 / 60 runs
============================================================
[2026-07-03 14:42:41] Run 12 / 60 : nextflow_10
============================================================
[2026-07-03 14:42:41] --- Nextflow replicate 10 START ---
[2026-07-03 14:42:41] Output dir: /mnt/ssd/performance_benchmark/nextflow/replicate_10
[2026-07-03 14:42:41] Work dir:   /mnt/ssd/performance_benchmark/nextflow/replicate_10/work
[2026-07-03 14:48:40] --- Nextflow replicate 10 DONE ---
[2026-07-03 14:48:40] Completed 12 / 60 runs
============================================================
[2026-07-03 14:48:40] Run 13 / 60 : matlab_08
============================================================
[2026-07-03 14:48:40] --- MATLAB replicate 08 START ---
[2026-07-03 14:48:40] Output dir: /mnt/ssd/performance_benchmark/matlab/replicate_08
[2026-07-03 14:48:40]   Running MATLAB process: intensity
[2026-07-03 14:48:40]   Command: NM_config('intensity','sample08',true)
[2026-07-03 14:49:14]   MATLAB process intensity complete.
[2026-07-03 14:49:14]   Running MATLAB process: align
[2026-07-03 14:49:14]   Command: NM_config('align','sample08',true)
[2026-07-03 14:50:39]   MATLAB process align complete.
[2026-07-03 14:50:39]   Running MATLAB process: stitch
[2026-07-03 14:50:39]   Command: NM_config('stitch','sample08',true)
[2026-07-03 14:51:58]   MATLAB process stitch complete.
[2026-07-03 14:51:58]   Running MATLAB process: count
[2026-07-03 14:51:58]   Command: NM_config('count','sample08',true)
[2026-07-03 14:54:31]   MATLAB process count complete.
[2026-07-03 14:54:31] --- MATLAB replicate 08 DONE ---
[2026-07-03 14:54:31] Completed 13 / 60 runs
============================================================
[2026-07-03 14:54:31] Run 14 / 60 : matlab_11
============================================================
[2026-07-03 14:54:31] --- MATLAB replicate 11 START ---
[2026-07-03 14:54:31] Output dir: /mnt/ssd/performance_benchmark/matlab/replicate_11
[2026-07-03 14:54:31]   Running MATLAB process: intensity
[2026-07-03 14:54:31]   Command: NM_config('intensity','sample11',true)
[2026-07-03 14:55:05]   MATLAB process intensity complete.
[2026-07-03 14:55:05]   Running MATLAB process: align
[2026-07-03 14:55:05]   Command: NM_config('align','sample11',true)
[2026-07-03 14:56:31]   MATLAB process align complete.
[2026-07-03 14:56:31]   Running MATLAB process: stitch
[2026-07-03 14:56:31]   Command: NM_config('stitch','sample11',true)
[2026-07-03 14:57:50]   MATLAB process stitch complete.
[2026-07-03 14:57:50]   Running MATLAB process: count
[2026-07-03 14:57:50]   Command: NM_config('count','sample11',true)
[2026-07-03 15:00:20]   MATLAB process count complete.
[2026-07-03 15:00:20] --- MATLAB replicate 11 DONE ---
[2026-07-03 15:00:20] Completed 14 / 60 runs
============================================================
[2026-07-03 15:00:20] Run 15 / 60 : nextflow_07
============================================================
[2026-07-03 15:00:20] --- Nextflow replicate 07 START ---
[2026-07-03 15:00:20] Output dir: /mnt/ssd/performance_benchmark/nextflow/replicate_07
[2026-07-03 15:00:20] Work dir:   /mnt/ssd/performance_benchmark/nextflow/replicate_07/work
[2026-07-03 15:06:21] --- Nextflow replicate 07 DONE ---
[2026-07-03 15:06:21] Completed 15 / 60 runs
============================================================
[2026-07-03 15:06:21] Run 16 / 60 : nextflow_13
============================================================
[2026-07-03 15:06:21] --- Nextflow replicate 13 START ---
[2026-07-03 15:06:21] Output dir: /mnt/ssd/performance_benchmark/nextflow/replicate_13
[2026-07-03 15:06:21] Work dir:   /mnt/ssd/performance_benchmark/nextflow/replicate_13/work
[2026-07-03 15:12:23] --- Nextflow replicate 13 DONE ---
[2026-07-03 15:12:23] Completed 16 / 60 runs
============================================================
[2026-07-03 15:12:23] Run 17 / 60 : matlab_02
============================================================
[2026-07-03 15:12:23] --- MATLAB replicate 02 START ---
[2026-07-03 15:12:23] Output dir: /mnt/ssd/performance_benchmark/matlab/replicate_02
[2026-07-03 15:12:23]   Running MATLAB process: intensity
[2026-07-03 15:12:23]   Command: NM_config('intensity','sample02',true)
[2026-07-03 15:12:56]   MATLAB process intensity complete.
[2026-07-03 15:12:56]   Running MATLAB process: align
[2026-07-03 15:12:56]   Command: NM_config('align','sample02',true)
[2026-07-03 15:14:23]   MATLAB process align complete.
[2026-07-03 15:14:23]   Running MATLAB process: stitch
[2026-07-03 15:14:23]   Command: NM_config('stitch','sample02',true)
[2026-07-03 15:15:42]   MATLAB process stitch complete.
[2026-07-03 15:15:42]   Running MATLAB process: count
[2026-07-03 15:15:42]   Command: NM_config('count','sample02',true)
[2026-07-03 15:18:14]   MATLAB process count complete.
[2026-07-03 15:18:14] --- MATLAB replicate 02 DONE ---
[2026-07-03 15:18:14] Completed 17 / 60 runs
============================================================
[2026-07-03 15:18:14] Run 18 / 60 : matlab_04
============================================================
[2026-07-03 15:18:14] --- MATLAB replicate 04 START ---
[2026-07-03 15:18:14] Output dir: /mnt/ssd/performance_benchmark/matlab/replicate_04
[2026-07-03 15:18:14]   Running MATLAB process: intensity
[2026-07-03 15:18:14]   Command: NM_config('intensity','sample04',true)
[2026-07-03 15:18:47]   MATLAB process intensity complete.
[2026-07-03 15:18:47]   Running MATLAB process: align
[2026-07-03 15:18:47]   Command: NM_config('align','sample04',true)
[2026-07-03 15:20:12]   MATLAB process align complete.
[2026-07-03 15:20:12]   Running MATLAB process: stitch
[2026-07-03 15:20:12]   Command: NM_config('stitch','sample04',true)
[2026-07-03 15:21:30]   MATLAB process stitch complete.
[2026-07-03 15:21:30]   Running MATLAB process: count
[2026-07-03 15:21:30]   Command: NM_config('count','sample04',true)
[2026-07-03 15:23:59]   MATLAB process count complete.
[2026-07-03 15:23:59] --- MATLAB replicate 04 DONE ---
[2026-07-03 15:23:59] Completed 18 / 60 runs
============================================================
[2026-07-03 15:23:59] Run 19 / 60 : matlab_20
============================================================
[2026-07-03 15:23:59] --- MATLAB replicate 20 START ---
[2026-07-03 15:23:59] Output dir: /mnt/ssd/performance_benchmark/matlab/replicate_20
[2026-07-03 15:23:59]   Running MATLAB process: intensity
[2026-07-03 15:23:59]   Command: NM_config('intensity','sample20',true)
[2026-07-03 15:24:33]   MATLAB process intensity complete.
[2026-07-03 15:24:33]   Running MATLAB process: align
[2026-07-03 15:24:33]   Command: NM_config('align','sample20',true)
[2026-07-03 15:25:58]   MATLAB process align complete.
[2026-07-03 15:25:58]   Running MATLAB process: stitch
[2026-07-03 15:25:58]   Command: NM_config('stitch','sample20',true)
[2026-07-03 15:27:16]   MATLAB process stitch complete.
[2026-07-03 15:27:16]   Running MATLAB process: count
[2026-07-03 15:27:16]   Command: NM_config('count','sample20',true)
[2026-07-03 15:29:48]   MATLAB process count complete.
[2026-07-03 15:29:48] --- MATLAB replicate 20 DONE ---
[2026-07-03 15:29:48] Completed 19 / 60 runs
============================================================
[2026-07-03 15:29:48] Run 20 / 60 : nextflow_23
============================================================
[2026-07-03 15:29:48] --- Nextflow replicate 23 START ---
[2026-07-03 15:29:48] Output dir: /mnt/ssd/performance_benchmark/nextflow/replicate_23
[2026-07-03 15:29:48] Work dir:   /mnt/ssd/performance_benchmark/nextflow/replicate_23/work
[2026-07-03 15:35:48] --- Nextflow replicate 23 DONE ---
[2026-07-03 15:35:48] Completed 20 / 60 runs
============================================================
[2026-07-03 15:35:48] Run 21 / 60 : matlab_07
============================================================
[2026-07-03 15:35:48] --- MATLAB replicate 07 START ---
[2026-07-03 15:35:48] Output dir: /mnt/ssd/performance_benchmark/matlab/replicate_07
[2026-07-03 15:35:48]   Running MATLAB process: intensity
[2026-07-03 15:35:48]   Command: NM_config('intensity','sample07',true)
[2026-07-03 15:36:21]   MATLAB process intensity complete.
[2026-07-03 15:36:21]   Running MATLAB process: align
[2026-07-03 15:36:21]   Command: NM_config('align','sample07',true)
[2026-07-03 15:37:46]   MATLAB process align complete.
[2026-07-03 15:37:46]   Running MATLAB process: stitch
[2026-07-03 15:37:46]   Command: NM_config('stitch','sample07',true)
[2026-07-03 15:39:03]   MATLAB process stitch complete.
[2026-07-03 15:39:03]   Running MATLAB process: count
[2026-07-03 15:39:03]   Command: NM_config('count','sample07',true)
[2026-07-03 15:41:33]   MATLAB process count complete.
[2026-07-03 15:41:33] --- MATLAB replicate 07 DONE ---
[2026-07-03 15:41:33] Completed 21 / 60 runs
============================================================
[2026-07-03 15:41:33] Run 22 / 60 : matlab_26
============================================================
[2026-07-03 15:41:33] --- MATLAB replicate 26 START ---
[2026-07-03 15:41:33] Output dir: /mnt/ssd/performance_benchmark/matlab/replicate_26
[2026-07-03 15:41:33]   Running MATLAB process: intensity
[2026-07-03 15:41:33]   Command: NM_config('intensity','sample26',true)
[2026-07-03 15:42:08]   MATLAB process intensity complete.
[2026-07-03 15:42:08]   Running MATLAB process: align
[2026-07-03 15:42:08]   Command: NM_config('align','sample26',true)
[2026-07-03 15:43:34]   MATLAB process align complete.
[2026-07-03 15:43:34]   Running MATLAB process: stitch
[2026-07-03 15:43:34]   Command: NM_config('stitch','sample26',true)
[2026-07-03 15:44:50]   MATLAB process stitch complete.
[2026-07-03 15:44:50]   Running MATLAB process: count
[2026-07-03 15:44:50]   Command: NM_config('count','sample26',true)
[2026-07-03 15:47:21]   MATLAB process count complete.
[2026-07-03 15:47:21] --- MATLAB replicate 26 DONE ---
[2026-07-03 15:47:21] Completed 22 / 60 runs
============================================================
[2026-07-03 15:47:21] Run 23 / 60 : nextflow_30
============================================================
[2026-07-03 15:47:21] --- Nextflow replicate 30 START ---
[2026-07-03 15:47:21] Output dir: /mnt/ssd/performance_benchmark/nextflow/replicate_30
[2026-07-03 15:47:21] Work dir:   /mnt/ssd/performance_benchmark/nextflow/replicate_30/work
[2026-07-03 15:53:22] --- Nextflow replicate 30 DONE ---
[2026-07-03 15:53:22] Completed 23 / 60 runs
============================================================
[2026-07-03 15:53:22] Run 24 / 60 : matlab_16
============================================================
[2026-07-03 15:53:22] --- MATLAB replicate 16 START ---
[2026-07-03 15:53:22] Output dir: /mnt/ssd/performance_benchmark/matlab/replicate_16
[2026-07-03 15:53:22]   Running MATLAB process: intensity
[2026-07-03 15:53:22]   Command: NM_config('intensity','sample16',true)
[2026-07-03 15:53:55]   MATLAB process intensity complete.
[2026-07-03 15:53:55]   Running MATLAB process: align
[2026-07-03 15:53:55]   Command: NM_config('align','sample16',true)
[2026-07-03 15:55:22]   MATLAB process align complete.
[2026-07-03 15:55:22]   Running MATLAB process: stitch
[2026-07-03 15:55:22]   Command: NM_config('stitch','sample16',true)
[2026-07-03 15:56:39]   MATLAB process stitch complete.
[2026-07-03 15:56:39]   Running MATLAB process: count
[2026-07-03 15:56:39]   Command: NM_config('count','sample16',true)
[2026-07-03 15:59:06]   MATLAB process count complete.
[2026-07-03 15:59:06] --- MATLAB replicate 16 DONE ---
[2026-07-03 15:59:06] Completed 24 / 60 runs
============================================================
[2026-07-03 15:59:06] Run 25 / 60 : nextflow_26
============================================================
[2026-07-03 15:59:06] --- Nextflow replicate 26 START ---
[2026-07-03 15:59:06] Output dir: /mnt/ssd/performance_benchmark/nextflow/replicate_26
[2026-07-03 15:59:06] Work dir:   /mnt/ssd/performance_benchmark/nextflow/replicate_26/work
[2026-07-03 16:05:07] --- Nextflow replicate 26 DONE ---
[2026-07-03 16:05:07] Completed 25 / 60 runs
============================================================
[2026-07-03 16:05:07] Run 26 / 60 : matlab_28
============================================================
[2026-07-03 16:05:07] --- MATLAB replicate 28 START ---
[2026-07-03 16:05:07] Output dir: /mnt/ssd/performance_benchmark/matlab/replicate_28
[2026-07-03 16:05:07]   Running MATLAB process: intensity
[2026-07-03 16:05:07]   Command: NM_config('intensity','sample28',true)
[2026-07-03 16:05:40]   MATLAB process intensity complete.
[2026-07-03 16:05:40]   Running MATLAB process: align
[2026-07-03 16:05:40]   Command: NM_config('align','sample28',true)
[2026-07-03 16:07:08]   MATLAB process align complete.
[2026-07-03 16:07:08]   Running MATLAB process: stitch
[2026-07-03 16:07:08]   Command: NM_config('stitch','sample28',true)
[2026-07-03 16:08:24]   MATLAB process stitch complete.
[2026-07-03 16:08:24]   Running MATLAB process: count
[2026-07-03 16:08:24]   Command: NM_config('count','sample28',true)
[2026-07-03 16:10:56]   MATLAB process count complete.
[2026-07-03 16:10:56] --- MATLAB replicate 28 DONE ---
[2026-07-03 16:10:56] Completed 26 / 60 runs
============================================================
[2026-07-03 16:10:56] Run 27 / 60 : nextflow_25
============================================================
[2026-07-03 16:10:56] --- Nextflow replicate 25 START ---
[2026-07-03 16:10:56] Output dir: /mnt/ssd/performance_benchmark/nextflow/replicate_25
[2026-07-03 16:10:56] Work dir:   /mnt/ssd/performance_benchmark/nextflow/replicate_25/work
[2026-07-03 16:16:57] --- Nextflow replicate 25 DONE ---
[2026-07-03 16:16:57] Completed 27 / 60 runs
============================================================
[2026-07-03 16:16:57] Run 28 / 60 : nextflow_08
============================================================
[2026-07-03 16:16:57] --- Nextflow replicate 08 START ---
[2026-07-03 16:16:57] Output dir: /mnt/ssd/performance_benchmark/nextflow/replicate_08
[2026-07-03 16:16:57] Work dir:   /mnt/ssd/performance_benchmark/nextflow/replicate_08/work
[2026-07-03 16:22:58] --- Nextflow replicate 08 DONE ---
[2026-07-03 16:22:58] Completed 28 / 60 runs
============================================================
[2026-07-03 16:22:58] Run 29 / 60 : matlab_06
============================================================
[2026-07-03 16:22:58] --- MATLAB replicate 06 START ---
[2026-07-03 16:22:58] Output dir: /mnt/ssd/performance_benchmark/matlab/replicate_06
[2026-07-03 16:22:58]   Running MATLAB process: intensity
[2026-07-03 16:22:58]   Command: NM_config('intensity','sample06',true)
[2026-07-03 16:23:31]   MATLAB process intensity complete.
[2026-07-03 16:23:31]   Running MATLAB process: align
[2026-07-03 16:23:31]   Command: NM_config('align','sample06',true)
[2026-07-03 16:24:56]   MATLAB process align complete.
[2026-07-03 16:24:56]   Running MATLAB process: stitch
[2026-07-03 16:24:56]   Command: NM_config('stitch','sample06',true)
[2026-07-03 16:26:14]   MATLAB process stitch complete.
[2026-07-03 16:26:14]   Running MATLAB process: count
[2026-07-03 16:26:14]   Command: NM_config('count','sample06',true)
[2026-07-03 16:28:45]   MATLAB process count complete.
[2026-07-03 16:28:45] --- MATLAB replicate 06 DONE ---
[2026-07-03 16:28:45] Completed 29 / 60 runs
============================================================
[2026-07-03 16:28:45] Run 30 / 60 : matlab_29
============================================================
[2026-07-03 16:28:45] --- MATLAB replicate 29 START ---
[2026-07-03 16:28:45] Output dir: /mnt/ssd/performance_benchmark/matlab/replicate_29
[2026-07-03 16:28:45]   Running MATLAB process: intensity
[2026-07-03 16:28:45]   Command: NM_config('intensity','sample29',true)
[2026-07-03 16:29:19]   MATLAB process intensity complete.
[2026-07-03 16:29:19]   Running MATLAB process: align
[2026-07-03 16:29:19]   Command: NM_config('align','sample29',true)
[2026-07-03 16:30:45]   MATLAB process align complete.
[2026-07-03 16:30:45]   Running MATLAB process: stitch
[2026-07-03 16:30:45]   Command: NM_config('stitch','sample29',true)
[2026-07-03 16:32:01]   MATLAB process stitch complete.
[2026-07-03 16:32:01]   Running MATLAB process: count
[2026-07-03 16:32:01]   Command: NM_config('count','sample29',true)
[2026-07-03 16:34:30]   MATLAB process count complete.
[2026-07-03 16:34:30] --- MATLAB replicate 29 DONE ---
[2026-07-03 16:34:30] Completed 30 / 60 runs
============================================================
[2026-07-03 16:34:30] Run 31 / 60 : nextflow_18
============================================================
[2026-07-03 16:34:30] --- Nextflow replicate 18 START ---
[2026-07-03 16:34:30] Output dir: /mnt/ssd/performance_benchmark/nextflow/replicate_18
[2026-07-03 16:34:30] Work dir:   /mnt/ssd/performance_benchmark/nextflow/replicate_18/work
[2026-07-03 16:40:32] --- Nextflow replicate 18 DONE ---
[2026-07-03 16:40:32] Completed 31 / 60 runs
============================================================
[2026-07-03 16:40:32] Run 32 / 60 : matlab_22
============================================================
[2026-07-03 16:40:32] --- MATLAB replicate 22 START ---
[2026-07-03 16:40:32] Output dir: /mnt/ssd/performance_benchmark/matlab/replicate_22
[2026-07-03 16:40:32]   Running MATLAB process: intensity
[2026-07-03 16:40:32]   Command: NM_config('intensity','sample22',true)
[2026-07-03 16:41:06]   MATLAB process intensity complete.
[2026-07-03 16:41:06]   Running MATLAB process: align
[2026-07-03 16:41:06]   Command: NM_config('align','sample22',true)
[2026-07-03 16:42:33]   MATLAB process align complete.
[2026-07-03 16:42:33]   Running MATLAB process: stitch
[2026-07-03 16:42:33]   Command: NM_config('stitch','sample22',true)
[2026-07-03 16:43:50]   MATLAB process stitch complete.
[2026-07-03 16:43:50]   Running MATLAB process: count
[2026-07-03 16:43:50]   Command: NM_config('count','sample22',true)
[2026-07-03 16:46:23]   MATLAB process count complete.
[2026-07-03 16:46:23] --- MATLAB replicate 22 DONE ---
[2026-07-03 16:46:23] Completed 32 / 60 runs
============================================================
[2026-07-03 16:46:23] Run 33 / 60 : nextflow_11
============================================================
[2026-07-03 16:46:23] --- Nextflow replicate 11 START ---
[2026-07-03 16:46:23] Output dir: /mnt/ssd/performance_benchmark/nextflow/replicate_11
[2026-07-03 16:46:23] Work dir:   /mnt/ssd/performance_benchmark/nextflow/replicate_11/work
[2026-07-03 16:52:23] --- Nextflow replicate 11 DONE ---
[2026-07-03 16:52:23] Completed 33 / 60 runs
============================================================
[2026-07-03 16:52:23] Run 34 / 60 : nextflow_02
============================================================
[2026-07-03 16:52:23] --- Nextflow replicate 02 START ---
[2026-07-03 16:52:23] Output dir: /mnt/ssd/performance_benchmark/nextflow/replicate_02
[2026-07-03 16:52:23] Work dir:   /mnt/ssd/performance_benchmark/nextflow/replicate_02/work
[2026-07-03 16:58:26] --- Nextflow replicate 02 DONE ---
[2026-07-03 16:58:26] Completed 34 / 60 runs
============================================================
[2026-07-03 16:58:26] Run 35 / 60 : matlab_01
============================================================
[2026-07-03 16:58:26] --- MATLAB replicate 01 START ---
[2026-07-03 16:58:26] Output dir: /mnt/ssd/performance_benchmark/matlab/replicate_01
[2026-07-03 16:58:26]   Running MATLAB process: intensity
[2026-07-03 16:58:26]   Command: NM_config('intensity','sample01',true)
[2026-07-03 16:59:00]   MATLAB process intensity complete.
[2026-07-03 16:59:00]   Running MATLAB process: align
[2026-07-03 16:59:00]   Command: NM_config('align','sample01',true)
[2026-07-03 17:00:27]   MATLAB process align complete.
[2026-07-03 17:00:27]   Running MATLAB process: stitch
[2026-07-03 17:00:27]   Command: NM_config('stitch','sample01',true)
[2026-07-03 17:01:45]   MATLAB process stitch complete.
[2026-07-03 17:01:45]   Running MATLAB process: count
[2026-07-03 17:01:45]   Command: NM_config('count','sample01',true)
[2026-07-03 17:04:16]   MATLAB process count complete.
[2026-07-03 17:04:16] --- MATLAB replicate 01 DONE ---
[2026-07-03 17:04:16] Completed 35 / 60 runs
============================================================
[2026-07-03 17:04:16] Run 36 / 60 : nextflow_17
============================================================
[2026-07-03 17:04:16] --- Nextflow replicate 17 START ---
[2026-07-03 17:04:16] Output dir: /mnt/ssd/performance_benchmark/nextflow/replicate_17
[2026-07-03 17:04:16] Work dir:   /mnt/ssd/performance_benchmark/nextflow/replicate_17/work
[2026-07-03 17:10:15] --- Nextflow replicate 17 DONE ---
[2026-07-03 17:10:15] Completed 36 / 60 runs
============================================================
[2026-07-03 17:10:15] Run 37 / 60 : nextflow_15
============================================================
[2026-07-03 17:10:15] --- Nextflow replicate 15 START ---
[2026-07-03 17:10:15] Output dir: /mnt/ssd/performance_benchmark/nextflow/replicate_15
[2026-07-03 17:10:15] Work dir:   /mnt/ssd/performance_benchmark/nextflow/replicate_15/work
[2026-07-03 17:16:14] --- Nextflow replicate 15 DONE ---
[2026-07-03 17:16:14] Completed 37 / 60 runs
============================================================
[2026-07-03 17:16:14] Run 38 / 60 : nextflow_03
============================================================
[2026-07-03 17:16:14] --- Nextflow replicate 03 START ---
[2026-07-03 17:16:14] Output dir: /mnt/ssd/performance_benchmark/nextflow/replicate_03
[2026-07-03 17:16:14] Work dir:   /mnt/ssd/performance_benchmark/nextflow/replicate_03/work
[2026-07-03 17:22:16] --- Nextflow replicate 03 DONE ---
[2026-07-03 17:22:16] Completed 38 / 60 runs
============================================================
[2026-07-03 17:22:16] Run 39 / 60 : matlab_03
============================================================
[2026-07-03 17:22:16] --- MATLAB replicate 03 START ---
[2026-07-03 17:22:16] Output dir: /mnt/ssd/performance_benchmark/matlab/replicate_03
[2026-07-03 17:22:16]   Running MATLAB process: intensity
[2026-07-03 17:22:16]   Command: NM_config('intensity','sample03',true)
[2026-07-03 17:22:49]   MATLAB process intensity complete.
[2026-07-03 17:22:49]   Running MATLAB process: align
[2026-07-03 17:22:49]   Command: NM_config('align','sample03',true)
[2026-07-03 17:24:15]   MATLAB process align complete.
[2026-07-03 17:24:15]   Running MATLAB process: stitch
[2026-07-03 17:24:15]   Command: NM_config('stitch','sample03',true)
[2026-07-03 17:25:31]   MATLAB process stitch complete.
[2026-07-03 17:25:31]   Running MATLAB process: count
[2026-07-03 17:25:31]   Command: NM_config('count','sample03',true)
[2026-07-03 17:27:58]   MATLAB process count complete.
[2026-07-03 17:27:58] --- MATLAB replicate 03 DONE ---
[2026-07-03 17:27:58] Completed 39 / 60 runs
============================================================
[2026-07-03 17:27:58] Run 40 / 60 : nextflow_27
============================================================
[2026-07-03 17:27:58] --- Nextflow replicate 27 START ---
[2026-07-03 17:27:58] Output dir: /mnt/ssd/performance_benchmark/nextflow/replicate_27
[2026-07-03 17:27:58] Work dir:   /mnt/ssd/performance_benchmark/nextflow/replicate_27/work
[2026-07-03 17:33:59] --- Nextflow replicate 27 DONE ---
[2026-07-03 17:33:59] Completed 40 / 60 runs
============================================================
[2026-07-03 17:33:59] Run 41 / 60 : matlab_24
============================================================
[2026-07-03 17:33:59] --- MATLAB replicate 24 START ---
[2026-07-03 17:33:59] Output dir: /mnt/ssd/performance_benchmark/matlab/replicate_24
[2026-07-03 17:33:59]   Running MATLAB process: intensity
[2026-07-03 17:33:59]   Command: NM_config('intensity','sample24',true)
[2026-07-03 17:34:32]   MATLAB process intensity complete.
[2026-07-03 17:34:32]   Running MATLAB process: align
[2026-07-03 17:34:32]   Command: NM_config('align','sample24',true)
[2026-07-03 17:36:01]   MATLAB process align complete.
[2026-07-03 17:36:01]   Running MATLAB process: stitch
[2026-07-03 17:36:01]   Command: NM_config('stitch','sample24',true)
[2026-07-03 17:37:17]   MATLAB process stitch complete.
[2026-07-03 17:37:17]   Running MATLAB process: count
[2026-07-03 17:37:17]   Command: NM_config('count','sample24',true)
[2026-07-03 17:39:49]   MATLAB process count complete.
[2026-07-03 17:39:49] --- MATLAB replicate 24 DONE ---
[2026-07-03 17:39:49] Completed 41 / 60 runs
============================================================
[2026-07-03 17:39:49] Run 42 / 60 : matlab_21
============================================================
[2026-07-03 17:39:49] --- MATLAB replicate 21 START ---
[2026-07-03 17:39:49] Output dir: /mnt/ssd/performance_benchmark/matlab/replicate_21
[2026-07-03 17:39:49]   Running MATLAB process: intensity
[2026-07-03 17:39:49]   Command: NM_config('intensity','sample21',true)
[2026-07-03 17:40:23]   MATLAB process intensity complete.
[2026-07-03 17:40:23]   Running MATLAB process: align
[2026-07-03 17:40:23]   Command: NM_config('align','sample21',true)
[2026-07-03 17:41:50]   MATLAB process align complete.
[2026-07-03 17:41:50]   Running MATLAB process: stitch
[2026-07-03 17:41:50]   Command: NM_config('stitch','sample21',true)
[2026-07-03 17:43:07]   MATLAB process stitch complete.
[2026-07-03 17:43:07]   Running MATLAB process: count
[2026-07-03 17:43:07]   Command: NM_config('count','sample21',true)
[2026-07-03 17:45:37]   MATLAB process count complete.
[2026-07-03 17:45:37] --- MATLAB replicate 21 DONE ---
[2026-07-03 17:45:37] Completed 42 / 60 runs
============================================================
[2026-07-03 17:45:37] Run 43 / 60 : nextflow_12
============================================================
[2026-07-03 17:45:37] --- Nextflow replicate 12 START ---
[2026-07-03 17:45:37] Output dir: /mnt/ssd/performance_benchmark/nextflow/replicate_12
[2026-07-03 17:45:37] Work dir:   /mnt/ssd/performance_benchmark/nextflow/replicate_12/work
[2026-07-03 17:51:37] --- Nextflow replicate 12 DONE ---
[2026-07-03 17:51:37] Completed 43 / 60 runs
============================================================
[2026-07-03 17:51:37] Run 44 / 60 : matlab_19
============================================================
[2026-07-03 17:51:37] --- MATLAB replicate 19 START ---
[2026-07-03 17:51:37] Output dir: /mnt/ssd/performance_benchmark/matlab/replicate_19
[2026-07-03 17:51:37]   Running MATLAB process: intensity
[2026-07-03 17:51:37]   Command: NM_config('intensity','sample19',true)
[2026-07-03 17:52:11]   MATLAB process intensity complete.
[2026-07-03 17:52:11]   Running MATLAB process: align
[2026-07-03 17:52:11]   Command: NM_config('align','sample19',true)
[2026-07-03 17:53:37]   MATLAB process align complete.
[2026-07-03 17:53:37]   Running MATLAB process: stitch
[2026-07-03 17:53:37]   Command: NM_config('stitch','sample19',true)
[2026-07-03 17:54:55]   MATLAB process stitch complete.
[2026-07-03 17:54:55]   Running MATLAB process: count
[2026-07-03 17:54:55]   Command: NM_config('count','sample19',true)
[2026-07-03 17:57:26]   MATLAB process count complete.
[2026-07-03 17:57:26] --- MATLAB replicate 19 DONE ---
[2026-07-03 17:57:26] Completed 44 / 60 runs
============================================================
[2026-07-03 17:57:26] Run 45 / 60 : matlab_18
============================================================
[2026-07-03 17:57:26] --- MATLAB replicate 18 START ---
[2026-07-03 17:57:26] Output dir: /mnt/ssd/performance_benchmark/matlab/replicate_18
[2026-07-03 17:57:26]   Running MATLAB process: intensity
[2026-07-03 17:57:26]   Command: NM_config('intensity','sample18',true)
[2026-07-03 17:57:59]   MATLAB process intensity complete.
[2026-07-03 17:57:59]   Running MATLAB process: align
[2026-07-03 17:57:59]   Command: NM_config('align','sample18',true)
[2026-07-03 17:59:26]   MATLAB process align complete.
[2026-07-03 17:59:26]   Running MATLAB process: stitch
[2026-07-03 17:59:26]   Command: NM_config('stitch','sample18',true)
[2026-07-03 18:00:44]   MATLAB process stitch complete.
[2026-07-03 18:00:44]   Running MATLAB process: count
[2026-07-03 18:00:44]   Command: NM_config('count','sample18',true)
[2026-07-03 18:03:14]   MATLAB process count complete.
[2026-07-03 18:03:14] --- MATLAB replicate 18 DONE ---
[2026-07-03 18:03:14] Completed 45 / 60 runs
============================================================
[2026-07-03 18:03:14] Run 46 / 60 : matlab_13
============================================================
[2026-07-03 18:03:14] --- MATLAB replicate 13 START ---
[2026-07-03 18:03:14] Output dir: /mnt/ssd/performance_benchmark/matlab/replicate_13
[2026-07-03 18:03:14]   Running MATLAB process: intensity
[2026-07-03 18:03:14]   Command: NM_config('intensity','sample13',true)
[2026-07-03 18:03:47]   MATLAB process intensity complete.
[2026-07-03 18:03:47]   Running MATLAB process: align
[2026-07-03 18:03:47]   Command: NM_config('align','sample13',true)
[2026-07-03 18:05:15]   MATLAB process align complete.
[2026-07-03 18:05:15]   Running MATLAB process: stitch
[2026-07-03 18:05:15]   Command: NM_config('stitch','sample13',true)
[2026-07-03 18:06:31]   MATLAB process stitch complete.
[2026-07-03 18:06:31]   Running MATLAB process: count
[2026-07-03 18:06:31]   Command: NM_config('count','sample13',true)
[2026-07-03 18:09:01]   MATLAB process count complete.
[2026-07-03 18:09:01] --- MATLAB replicate 13 DONE ---
[2026-07-03 18:09:01] Completed 46 / 60 runs
============================================================
[2026-07-03 18:09:01] Run 47 / 60 : nextflow_22
============================================================
[2026-07-03 18:09:01] --- Nextflow replicate 22 START ---
[2026-07-03 18:09:01] Output dir: /mnt/ssd/performance_benchmark/nextflow/replicate_22
[2026-07-03 18:09:01] Work dir:   /mnt/ssd/performance_benchmark/nextflow/replicate_22/work
[2026-07-03 18:15:03] --- Nextflow replicate 22 DONE ---
[2026-07-03 18:15:03] Completed 47 / 60 runs
============================================================
[2026-07-03 18:15:03] Run 48 / 60 : nextflow_29
============================================================
[2026-07-03 18:15:03] --- Nextflow replicate 29 START ---
[2026-07-03 18:15:03] Output dir: /mnt/ssd/performance_benchmark/nextflow/replicate_29
[2026-07-03 18:15:03] Work dir:   /mnt/ssd/performance_benchmark/nextflow/replicate_29/work
[2026-07-03 18:21:02] --- Nextflow replicate 29 DONE ---
[2026-07-03 18:21:02] Completed 48 / 60 runs
============================================================
[2026-07-03 18:21:02] Run 49 / 60 : nextflow_20
============================================================
[2026-07-03 18:21:02] --- Nextflow replicate 20 START ---
[2026-07-03 18:21:02] Output dir: /mnt/ssd/performance_benchmark/nextflow/replicate_20
[2026-07-03 18:21:02] Work dir:   /mnt/ssd/performance_benchmark/nextflow/replicate_20/work
[2026-07-03 18:27:00] --- Nextflow replicate 20 DONE ---
[2026-07-03 18:27:00] Completed 49 / 60 runs
============================================================
[2026-07-03 18:27:00] Run 50 / 60 : nextflow_04
============================================================
[2026-07-03 18:27:00] --- Nextflow replicate 04 START ---
[2026-07-03 18:27:00] Output dir: /mnt/ssd/performance_benchmark/nextflow/replicate_04
[2026-07-03 18:27:00] Work dir:   /mnt/ssd/performance_benchmark/nextflow/replicate_04/work
[2026-07-03 18:33:00] --- Nextflow replicate 04 DONE ---
[2026-07-03 18:33:00] Completed 50 / 60 runs
============================================================
[2026-07-03 18:33:00] Run 51 / 60 : nextflow_01
============================================================
[2026-07-03 18:33:00] --- Nextflow replicate 01 START ---
[2026-07-03 18:33:00] Output dir: /mnt/ssd/performance_benchmark/nextflow/replicate_01
[2026-07-03 18:33:00] Work dir:   /mnt/ssd/performance_benchmark/nextflow/replicate_01/work
[2026-07-03 18:38:59] --- Nextflow replicate 01 DONE ---
[2026-07-03 18:38:59] Completed 51 / 60 runs
============================================================
[2026-07-03 18:38:59] Run 52 / 60 : matlab_12
============================================================
[2026-07-03 18:38:59] --- MATLAB replicate 12 START ---
[2026-07-03 18:38:59] Output dir: /mnt/ssd/performance_benchmark/matlab/replicate_12
[2026-07-03 18:38:59]   Running MATLAB process: intensity
[2026-07-03 18:38:59]   Command: NM_config('intensity','sample12',true)
[2026-07-03 18:39:32]   MATLAB process intensity complete.
[2026-07-03 18:39:32]   Running MATLAB process: align
[2026-07-03 18:39:32]   Command: NM_config('align','sample12',true)
[2026-07-03 18:40:59]   MATLAB process align complete.
[2026-07-03 18:40:59]   Running MATLAB process: stitch
[2026-07-03 18:40:59]   Command: NM_config('stitch','sample12',true)
[2026-07-03 18:42:15]   MATLAB process stitch complete.
[2026-07-03 18:42:15]   Running MATLAB process: count
[2026-07-03 18:42:15]   Command: NM_config('count','sample12',true)
[2026-07-03 18:44:43]   MATLAB process count complete.
[2026-07-03 18:44:43] --- MATLAB replicate 12 DONE ---
[2026-07-03 18:44:43] Completed 52 / 60 runs
============================================================
[2026-07-03 18:44:43] Run 53 / 60 : nextflow_05
============================================================
[2026-07-03 18:44:43] --- Nextflow replicate 05 START ---
[2026-07-03 18:44:43] Output dir: /mnt/ssd/performance_benchmark/nextflow/replicate_05
[2026-07-03 18:44:43] Work dir:   /mnt/ssd/performance_benchmark/nextflow/replicate_05/work
[2026-07-03 18:50:41] --- Nextflow replicate 05 DONE ---
[2026-07-03 18:50:41] Completed 53 / 60 runs
============================================================
[2026-07-03 18:50:41] Run 54 / 60 : matlab_17
============================================================
[2026-07-03 18:50:41] --- MATLAB replicate 17 START ---
[2026-07-03 18:50:41] Output dir: /mnt/ssd/performance_benchmark/matlab/replicate_17
[2026-07-03 18:50:41]   Running MATLAB process: intensity
[2026-07-03 18:50:41]   Command: NM_config('intensity','sample17',true)
[2026-07-03 18:51:15]   MATLAB process intensity complete.
[2026-07-03 18:51:15]   Running MATLAB process: align
[2026-07-03 18:51:15]   Command: NM_config('align','sample17',true)
[2026-07-03 18:52:43]   MATLAB process align complete.
[2026-07-03 18:52:43]   Running MATLAB process: stitch
[2026-07-03 18:52:43]   Command: NM_config('stitch','sample17',true)
[2026-07-03 18:53:59]   MATLAB process stitch complete.
[2026-07-03 18:53:59]   Running MATLAB process: count
[2026-07-03 18:53:59]   Command: NM_config('count','sample17',true)
[2026-07-03 18:56:27]   MATLAB process count complete.
[2026-07-03 18:56:27] --- MATLAB replicate 17 DONE ---
[2026-07-03 18:56:27] Completed 54 / 60 runs
============================================================
[2026-07-03 18:56:27] Run 55 / 60 : nextflow_24
============================================================
[2026-07-03 18:56:27] --- Nextflow replicate 24 START ---
[2026-07-03 18:56:27] Output dir: /mnt/ssd/performance_benchmark/nextflow/replicate_24
[2026-07-03 18:56:27] Work dir:   /mnt/ssd/performance_benchmark/nextflow/replicate_24/work
[2026-07-03 19:02:28] --- Nextflow replicate 24 DONE ---
[2026-07-03 19:02:28] Completed 55 / 60 runs
============================================================
[2026-07-03 19:02:28] Run 56 / 60 : matlab_10
============================================================
[2026-07-03 19:02:28] --- MATLAB replicate 10 START ---
[2026-07-03 19:02:28] Output dir: /mnt/ssd/performance_benchmark/matlab/replicate_10
[2026-07-03 19:02:28]   Running MATLAB process: intensity
[2026-07-03 19:02:28]   Command: NM_config('intensity','sample10',true)
[2026-07-03 19:03:02]   MATLAB process intensity complete.
[2026-07-03 19:03:02]   Running MATLAB process: align
[2026-07-03 19:03:02]   Command: NM_config('align','sample10',true)
[2026-07-03 19:04:29]   MATLAB process align complete.
[2026-07-03 19:04:29]   Running MATLAB process: stitch
[2026-07-03 19:04:29]   Command: NM_config('stitch','sample10',true)
[2026-07-03 19:05:47]   MATLAB process stitch complete.
[2026-07-03 19:05:47]   Running MATLAB process: count
[2026-07-03 19:05:47]   Command: NM_config('count','sample10',true)
[2026-07-03 19:08:15]   MATLAB process count complete.
[2026-07-03 19:08:15] --- MATLAB replicate 10 DONE ---
[2026-07-03 19:08:15] Completed 56 / 60 runs
============================================================
[2026-07-03 19:08:15] Run 57 / 60 : matlab_09
============================================================
[2026-07-03 19:08:15] --- MATLAB replicate 09 START ---
[2026-07-03 19:08:15] Output dir: /mnt/ssd/performance_benchmark/matlab/replicate_09
[2026-07-03 19:08:15]   Running MATLAB process: intensity
[2026-07-03 19:08:15]   Command: NM_config('intensity','sample09',true)
[2026-07-03 19:08:50]   MATLAB process intensity complete.
[2026-07-03 19:08:50]   Running MATLAB process: align
[2026-07-03 19:08:50]   Command: NM_config('align','sample09',true)
[2026-07-03 19:10:16]   MATLAB process align complete.
[2026-07-03 19:10:16]   Running MATLAB process: stitch
[2026-07-03 19:10:16]   Command: NM_config('stitch','sample09',true)
[2026-07-03 19:11:33]   MATLAB process stitch complete.
[2026-07-03 19:11:33]   Running MATLAB process: count
[2026-07-03 19:11:33]   Command: NM_config('count','sample09',true)
[2026-07-03 19:13:59]   MATLAB process count complete.
[2026-07-03 19:13:59] --- MATLAB replicate 09 DONE ---
[2026-07-03 19:13:59] Completed 57 / 60 runs
============================================================
[2026-07-03 19:13:59] Run 58 / 60 : nextflow_21
============================================================
[2026-07-03 19:13:59] --- Nextflow replicate 21 START ---
[2026-07-03 19:13:59] Output dir: /mnt/ssd/performance_benchmark/nextflow/replicate_21
[2026-07-03 19:13:59] Work dir:   /mnt/ssd/performance_benchmark/nextflow/replicate_21/work
[2026-07-03 19:20:00] --- Nextflow replicate 21 DONE ---
[2026-07-03 19:20:00] Completed 58 / 60 runs
============================================================
[2026-07-03 19:20:00] Run 59 / 60 : matlab_14
============================================================
[2026-07-03 19:20:00] --- MATLAB replicate 14 START ---
[2026-07-03 19:20:00] Output dir: /mnt/ssd/performance_benchmark/matlab/replicate_14
[2026-07-03 19:20:00]   Running MATLAB process: intensity
[2026-07-03 19:20:00]   Command: NM_config('intensity','sample14',true)
[2026-07-03 19:20:33]   MATLAB process intensity complete.
[2026-07-03 19:20:33]   Running MATLAB process: align
[2026-07-03 19:20:33]   Command: NM_config('align','sample14',true)
[2026-07-03 19:21:59]   MATLAB process align complete.
[2026-07-03 19:21:59]   Running MATLAB process: stitch
[2026-07-03 19:21:59]   Command: NM_config('stitch','sample14',true)
[2026-07-03 19:23:17]   MATLAB process stitch complete.
[2026-07-03 19:23:17]   Running MATLAB process: count
[2026-07-03 19:23:17]   Command: NM_config('count','sample14',true)
[2026-07-03 19:25:47]   MATLAB process count complete.
[2026-07-03 19:25:47] --- MATLAB replicate 14 DONE ---
[2026-07-03 19:25:47] Completed 59 / 60 runs
============================================================
[2026-07-03 19:25:47] Run 60 / 60 : nextflow_19
============================================================
[2026-07-03 19:25:47] --- Nextflow replicate 19 START ---
[2026-07-03 19:25:47] Output dir: /mnt/ssd/performance_benchmark/nextflow/replicate_19
[2026-07-03 19:25:47] Work dir:   /mnt/ssd/performance_benchmark/nextflow/replicate_19/work
[2026-07-03 19:31:47] --- Nextflow replicate 19 DONE ---
[2026-07-03 19:31:47] Completed 60 / 60 runs
============================================================
[2026-07-03 19:31:47] Benchmark run complete.
[2026-07-03 19:31:47] Total runs completed: 60 / 60
[2026-07-03 19:31:47] Results in: /mnt/ssd/performance_benchmark
============================================================
